Test (3A): initial election ...
  ... Passed --   3.6  3   58   15884    0
Test (3A): election after network failure ...
  ... Passed --   5.0  3  118   22640    0
Test (3A): multiple elections ...
  ... Passed --   6.2  7  456   91926    0
Test (3B): basic agreement ...
  ... Passed --   0.9  3   16    4394    3
Test (3B): RPC byte count ...
  ... Passed --   1.6  3   46  113382   11
Test (3B): test progressive failure of followers ...
  ... Passed --   5.0  3  106   23111    3
Test (3B): test failure of leaders ...
  ... Passed --   5.5  3  180   39010    3
Test (3B): agreement after follower reconnects ...
  ... Passed --   5.8  3  122   32872    8
Test (3B): no agreement if too many followers disconnect ...
  ... Passed --   3.7  5  172   36550    3
Test (3B): concurrent Start()s ...
  ... Passed --   1.1  3   23    6721    6
Test (3B): rejoin of partitioned leader ...
  ... Passed --   6.3  3  174   42306    4
Test (3B): leader backs up quickly over incorrect follower logs ...
  ... Passed --  17.5  5 2001 1823529  102
Test (3B): RPC counts aren't too high ...
  ... Passed --   2.6  3   60   19181   12
Test (3C): basic persistence ...
  ... Passed --   4.6  3   80   20332    6
Test (3C): more persistence ...
  ... Passed --  16.9  5  856  192808   16
Test (3C): partitioned leader and one follower crash, leader restarts ...
  ... Passed --   1.9  3   30    7553    4
Test (3C): Figure 8 ...
  ... Passed --  32.0  5  712  270040   40
Test (3C): unreliable agreement ...
  ... Passed --   2.2  5 1043  347680  246
Test (3C): Figure 8 (unreliable) ...
  ... Passed --  34.3  5 9544 14902315  119
Test (3C): churn ...
  ... Passed --  16.2  5 10866 36928614 2483
Test (3C): unreliable churn ...
  ... Passed --  16.1  5 4704 5785852 1010
Test (3D): snapshots basic ...
  ... Passed --   4.4  3  301  115564  216
Test (3D): install snapshots (disconnect) ...
  ... Passed --  44.1  3 1417  504671  306
Test (3D): install snapshots (disconnect+unreliable) ...
  ... Passed --  47.4  3 1560  554431  281
Test (3D): install snapshots (crash) ...
  ... Passed --  33.8  3 1083  428059  311
Test (3D): install snapshots (unreliable+crash) ...
  ... Passed --  38.7  3 1237  506185  303
Test (3D): crash and restart all servers ...
  ... Passed --   9.2  3  242   70486   55
Test (3D): snapshot initialization after crash ...
  ... Passed --   3.2  3   68   19588   14
PASS
ok  	github.com/paras-bhavnani/distributed-kv-store-raft/raft	369.820s
Test (3A): initial election ...
  ... Passed --   3.5  3   56   15440    0
Test (3A): election after network failure ...
  ... Passed --   6.5  3  146   28470    0
Test (3A): multiple elections ...
  ... Passed --   6.5  7  588  114942    0
Test (3B): basic agreement ...
  ... Passed --   0.9  3   16    4394    3
Test (3B): RPC byte count ...
  ... Passed --   1.7  3   48  113942   11
Test (3B): test progressive failure of followers ...
  ... Passed --   4.8  3  104   22483    3
Test (3B): test failure of leaders ...
  ... Passed --   5.3  3  176   37819    3
Test (3B): agreement after follower reconnects ...
  ... Passed --   4.1  3   86   22298    7
Test (3B): no agreement if too many followers disconnect ...
  ... Passed --   3.8  5  183   39910    4
Test (3B): concurrent Start()s ...
  ... Passed --   1.0  3   22    6434    6
Test (3B): rejoin of partitioned leader ...
  ... Passed --   4.7  3  150   34917    4
Test (3B): leader backs up quickly over incorrect follower logs ...
  ... Passed --  17.7  5 2006 1843080  103
Test (3B): RPC counts aren't too high ...
  ... Passed --   2.5  3   63   19224   12
Test (3C): basic persistence ...
  ... Passed --   4.7  3   80   20512    6
Test (3C): more persistence ...
  ... Passed --  16.6  5  836  189802   16
Test (3C): partitioned leader and one follower crash, leader restarts ...
  ... Passed --   2.2  3   34    8949    4
Test (3C): Figure 8 ...
  ... Passed --  31.2  5  720  286822   41
Test (3C): unreliable agreement ...
  ... Passed --   1.7  5 1026  343379  246
Test (3C): Figure 8 (unreliable) ...
  ... Passed --  31.0  5 10604 35316118  158
Test (3C): churn ...
  ... Passed --  16.1  5 9606 97978415 2249
Test (3C): unreliable churn ...
  ... Passed --  16.1  5 3808 4683131  791
Test (3D): snapshots basic ...
  ... Passed --   4.3  3  301  116162  227
Test (3D): install snapshots (disconnect) ...
  ... Passed --  43.7  3 1444  522708  320
Test (3D): install snapshots (disconnect+unreliable) ...
  ... Passed --  50.6  3 1694  603025  318
Test (3D): install snapshots (crash) ...
  ... Passed --  34.9  3 1142  471146  345
Test (3D): install snapshots (unreliable+crash) ...
  ... Passed --  39.0  3 1286  512182  332
Test (3D): crash and restart all servers ...
  ... Passed --   9.9  3  270   79232   62
Test (3D): snapshot initialization after crash ...
  ... Passed --   3.3  3   70   19890   14
PASS
ok  	github.com/paras-bhavnani/distributed-kv-store-raft/raft	368.659s
Test (3A): initial election ...
  ... Passed --   3.5  3   58   16000    0
Test (3A): election after network failure ...
  ... Passed --   5.6  3  130   24840    0
Test (3A): multiple elections ...
  ... Passed --   6.1  7  444   87638    0
Test (3B): basic agreement ...
  ... Passed --   0.9  3   16    4394    3
Test (3B): RPC byte count ...
  ... Passed --   1.7  3   46  113382   11
Test (3B): test progressive failure of followers ...
  ... Passed --   4.9  3  108   23543    3
Test (3B): test failure of leaders ...
  ... Passed --   5.5  3  180   38566    3
Test (3B): agreement after follower reconnects ...
  ... Passed --   5.7  3  114   30324    8
Test (3B): no agreement if too many followers disconnect ...
  ... Passed --   3.9  5  179   39178    3
Test (3B): concurrent Start()s ...
  ... Passed --   1.0  3   20    5631    6
Test (3B): rejoin of partitioned leader ...
  ... Passed --   6.3  3  182   44113    4
Test (3B): leader backs up quickly over incorrect follower logs ...
  ... Passed --  17.6  5 2000 1861432  103
Test (3B): RPC counts aren't too high ...
  ... Passed --   2.6  3   56   16842   12
Test (3C): basic persistence ...
  ... Passed --   4.6  3   80   20528    6
Test (3C): more persistence ...
  ... Passed --  16.9  5  844  191432   16
Test (3C): partitioned leader and one follower crash, leader restarts ...
  ... Passed --   2.0  3   32    8109    4
Test (3C): Figure 8 ...
  ... Passed --  28.5  5  640  252636   41
Test (3C): unreliable agreement ...
  ... Passed --   1.8  5 1036  342713  246
Test (3C): Figure 8 (unreliable) ...
  ... Passed --  33.9  5 10360 26819345  125
Test (3C): churn ...
  ... Passed --  16.2  5 9731 53321339 2326
Test (3C): unreliable churn ...
  ... Passed --  16.4  5 3452 5097492  717
Test (3D): snapshots basic ...
  ... Passed --   4.4  3  353  136425  223
Test (3D): install snapshots (disconnect) ...
  ... Passed --  42.9  3 1408  508770  320
Test (3D): install snapshots (disconnect+unreliable) ...
  ... Passed --  49.0  3 1746  661503  363
Test (3D): install snapshots (crash) ...
  ... Passed --  34.4  3 1122  461908  334
Test (3D): install snapshots (unreliable+crash) ...
  ... Passed --  39.0  3 1195  470603  290
Test (3D): crash and restart all servers ...
  ... Passed --  10.3  3  288   85108   67
Test (3D): snapshot initialization after crash ...
  ... Passed --   3.3  3   70   19890   14
PASS
ok  	github.com/paras-bhavnani/distributed-kv-store-raft/raft	369.106s
Test (3A): initial election ...
  ... Passed --   3.5  3   60   16316    0
Test (3A): election after network failure ...
  ... Passed --   5.6  3  132   25528    0
Test (3A): multiple elections ...
  ... Passed --   6.5  7  496   99384    0
Test (3B): basic agreement ...
  ... Passed --   0.9  3   16    4394    3
Test (3B): RPC byte count ...
  ... Passed --   1.7  3   48  113846   11
Test (3B): test progressive failure of followers ...
  ... Passed --   4.8  3  106   22951    3
Test (3B): test failure of leaders ...
  ... Passed --   5.3  3  178   38409    3
Test (3B): agreement after follower reconnects ...
  ... Passed --   5.8  3  118   31750    8
Test (3B): no agreement if too many followers disconnect ...
  ... Passed --   3.8  5  176   37946    4
Test (3B): concurrent Start()s ...
  ... Passed --   1.2  3   23    6635    6
Test (3B): rejoin of partitioned leader ...
  ... Passed --   6.6  3  184   44685    4
Test (3B): leader backs up quickly over incorrect follower logs ...
  ... Passed --  15.7  5 1926 1807192  102
Test (3B): RPC counts aren't too high ...
  ... Passed --   2.6  3   56   17100   12
Test (3C): basic persistence ...
  ... Passed --   4.5  3   78   20240    6
Test (3C): more persistence ...
  ... Passed --  17.0  5  856  194010   16
Test (3C): partitioned leader and one follower crash, leader restarts ...
  ... Passed --   2.2  3   36    8919    4
Test (3C): Figure 8 ...
  ... Passed --  31.0  5  708  276194   39
Test (3C): unreliable agreement ...
  ... Passed --   1.8  5 1023  339557  246
Test (3C): Figure 8 (unreliable) ...
  ... Passed --  37.3  5 9564 20150113  122
Test (3C): churn ...
  ... Passed --  16.1  5 6212 40722825 1416
Test (3C): unreliable churn ...
  ... Passed --  16.2  5 1248 1262300   82
Test (3D): snapshots basic ...
  ... Passed --   4.2  3  301  116874  200
Test (3D): install snapshots (disconnect) ...
  ... Passed --  42.0  3 1346  464941  275
Test (3D): install snapshots (disconnect+unreliable) ...
  ... Passed --  45.4  3 1553  568428  300
Test (3D): install snapshots (crash) ...
  ... Passed --  33.1  3 1091  432130  317
Test (3D): install snapshots (unreliable+crash) ...
  ... Passed --  38.6  3 1424  609652  397
Test (3D): crash and restart all servers ...
  ... Passed --   9.5  3  254   74796   58
Test (3D): snapshot initialization after crash ...
  ... Passed --   3.4  3   70   19782   14
PASS
ok  	github.com/paras-bhavnani/distributed-kv-store-raft/raft	366.450s
Test (3A): initial election ...
  ... Passed --   3.5  3   58   16000    0
Test (3A): election after network failure ...
  ... Passed --   5.6  3  128   25432    0
Test (3A): multiple elections ...
  ... Passed --   6.0  7  549  106836    0
Test (3B): basic agreement ...
  ... Passed --   0.9  3   16    4394    3
Test (3B): RPC byte count ...
  ... Passed --   1.8  3   48  113942   11
Test (3B): test progressive failure of followers ...
  ... Passed --   4.7  3  102   22339    3
Test (3B): test failure of leaders ...
  ... Passed --   5.5  3  182   39079    3
Test (3B): agreement after follower reconnects ...
  ... Passed --   5.7  3  114   30324    8
Test (3B): no agreement if too many followers disconnect ...
  ... Passed --   3.8  5  180   39350    4
Test (3B): concurrent Start()s ...
  ... Passed --   1.1  3   23    6711    6
Test (3B): rejoin of partitioned leader ...
  ... Passed --   4.7  3  148   34207    4
Test (3B): leader backs up quickly over incorrect follower logs ...
  ... Passed --  17.7  5 2018 1866666  102
Test (3B): RPC counts aren't too high ...
  ... Passed --   2.5  3   48   14418   12
Test (3C): basic persistence ...
  ... Passed --   4.5  3   78   19984    6
Test (3C): more persistence ...
  ... Passed --  16.8  5  864  192502   16
Test (3C): partitioned leader and one follower crash, leader restarts ...
  ... Passed --   2.6  3   38    9133    4
Test (3C): Figure 8 ...
  ... Passed --  28.3  5  656  226108   32
Test (3C): unreliable agreement ...
  ... Passed --   1.7  5 1043  348282  246
Test (3C): Figure 8 (unreliable) ...
  ... Passed --  36.1  5 9316 13959132   80
Test (3C): churn ...
  ... Passed --  16.1  5 15738 202946558 3191
Test (3C): unreliable churn ...
  ... Passed --  16.3  5 2812 4050029  542
Test (3D): snapshots basic ...
  ... Passed --   4.2  3  324  125283  244
Test (3D): install snapshots (disconnect) ...
  ... Passed --  42.9  3 1441  533427  332
Test (3D): install snapshots (disconnect+unreliable) ...
  ... Passed --  46.9  3 1621  575751  312
Test (3D): install snapshots (crash) ...
  ... Passed --  32.9  3 1093  437629  324
Test (3D): install snapshots (unreliable+crash) ...
  ... Passed --  37.8  3 1289  547912  335
Test (3D): crash and restart all servers ...
  ... Passed --   9.3  3  240   70244   54
Test (3D): snapshot initialization after crash ...
  ... Passed --   3.3  3   68   19246   14
PASS
ok  	github.com/paras-bhavnani/distributed-kv-store-raft/raft	363.285s
Test (3A): initial election ...
  ... Passed --   3.6  3   60   16560    0
Test (3A): election after network failure ...
  ... Passed --   5.6  3  128   25610    0
Test (3A): multiple elections ...
  ... Passed --   6.6  7  660  133564    0
Test (3B): basic agreement ...
  ... Passed --   0.9  3   16    4394    3
Test (3B): RPC byte count ...
  ... Passed --   1.8  3   48  113846   11
Test (3B): test progressive failure of followers ...
  ... Passed --   4.8  3  108   23249    3
Test (3B): test failure of leaders ...
  ... Passed --   5.4  3  180   38703    3
Test (3B): agreement after follower reconnects ...
  ... Passed --   5.7  3  114   30584    8
Test (3B): no agreement if too many followers disconnect ...
  ... Passed --   3.7  5  176   37954    4
Test (3B): concurrent Start()s ...
  ... Passed --   1.0  3   21    6175    6
Test (3B): rejoin of partitioned leader ...
  ... Passed --   6.6  3  182   44367    4
Test (3B): leader backs up quickly over incorrect follower logs ...
  ... Passed --  17.7  5 2010 1860819  102
Test (3B): RPC counts aren't too high ...
  ... Passed --   2.6  3   47   14283   12
Test (3C): basic persistence ...
  ... Passed --   4.6  3   78   19956    6
Test (3C): more persistence ...
  ... Passed --  16.6  5  824  184782   16
Test (3C): partitioned leader and one follower crash, leader restarts ...
  ... Passed --   2.0  3   32    7989    4
Test (3C): Figure 8 ...
  ... Passed --  32.8  5  724  282556   41
Test (3C): unreliable agreement ...
  ... Passed --   1.6  5 1028  344530  246
Test (3C): Figure 8 (unreliable) ...
  ... Passed --  31.9  5 10124 19650323   87
Test (3C): churn ...
  ... Passed --  16.1  5 14878 82384967 3602
Test (3C): unreliable churn ...
  ... Passed --  16.2  5 3375 4564796  684
Test (3D): snapshots basic ...
  ... Passed --   4.2  3  327  129502  239
Test (3D): install snapshots (disconnect) ...
  ... Passed --  43.0  3 1402  504415  304
Test (3D): install snapshots (disconnect+unreliable) ...
  ... Passed --  48.5  3 1682  607808  327
Test (3D): install snapshots (crash) ...
  ... Passed --  32.6  3 1077  429410  305
Test (3D): install snapshots (unreliable+crash) ...
  ... Passed --  40.4  3 1315  550701  337
Test (3D): crash and restart all servers ...
  ... Passed --  10.1  3  270   79074   62
Test (3D): snapshot initialization after crash ...
  ... Passed --   3.2  3   68   19554   14
PASS
ok  	github.com/paras-bhavnani/distributed-kv-store-raft/raft	370.290s
Test (3A): initial election ...
  ... Passed --   3.6  3   62   16876    0
Test (3A): election after network failure ...
  ... Passed --   5.8  3  136   27174    0
Test (3A): multiple elections ...
  ... Passed --   6.6  7  564  113512    0
Test (3B): basic agreement ...
  ... Passed --   0.9  3   16    4362    3
Test (3B): RPC byte count ...
  ... Passed --   1.8  3   48  113846   11
Test (3B): test progressive failure of followers ...
  ... Passed --   4.9  3  104   22383    3
Test (3B): test failure of leaders ...
  ... Passed --   5.6  3  184   39534    3
Test (3B): agreement after follower reconnects ...
  ... Passed --   4.1  3   84   21814    7
Test (3B): no agreement if too many followers disconnect ...
  ... Passed --   3.8  5  172   36782    3
Test (3B): concurrent Start()s ...
  ... Passed --   1.1  3   23    6598    6
Test (3B): rejoin of partitioned leader ...
  ... Passed --   6.6  3  184   44745    4
Test (3B): leader backs up quickly over incorrect follower logs ...
  ... Passed --  15.3  5 1888 1790468  102
Test (3B): RPC counts aren't too high ...
  ... Passed --   2.7  3   53   15835   12
Test (3C): basic persistence ...
  ... Passed --   4.5  3   82   20900    6
Test (3C): more persistence ...
  ... Passed --  16.8  5  852  190076   16
Test (3C): partitioned leader and one follower crash, leader restarts ...
  ... Passed --   1.9  3   32    8109    4
Test (3C): Figure 8 ...
  ... Passed --  32.3  5  736  297714   41
Test (3C): unreliable agreement ...
  ... Passed --   1.7  5 1026  341620  246
Test (3C): Figure 8 (unreliable) ...
  ... Passed --  29.6  5 8576 15399310  111
Test (3C): churn ...
  ... Passed --  16.1  5 11482 92377754 2692
Test (3C): unreliable churn ...
  ... Passed --  16.2  5 3008 5476488  602
Test (3D): snapshots basic ...
  ... Passed --   4.3  3  313  124930  231
Test (3D): install snapshots (disconnect) ...
  ... Passed --  44.0  3 1463  533923  327
Test (3D): install snapshots (disconnect+unreliable) ...
  ... Passed --  54.4  3 1774  623838  322
Test (3D): install snapshots (crash) ...
  ... Passed --  33.2  3 1087  452821  330
Test (3D): install snapshots (unreliable+crash) ...
  ... Passed --  37.8  3 1207  455578  288
Test (3D): crash and restart all servers ...
  ... Passed --   9.8  3  250   73368   57
Test (3D): snapshot initialization after crash ...
  ... Passed --   3.2  3   68   19322   14
PASS
ok  	github.com/paras-bhavnani/distributed-kv-store-raft/raft	368.748s
Test (3A): initial election ...
  ... Passed --   3.6  3   58   16000    0
Test (3A): election after network failure ...
  ... Passed --   5.0  3  108   21568    0
Test (3A): multiple elections ...
  ... Passed --   6.5  7  474   95322    0
Test (3B): basic agreement ...
  ... Passed --   1.0  3   16    4394    3
Test (3B): RPC byte count ...
  ... Passed --   1.7  3   50  114256   11
Test (3B): test progressive failure of followers ...
  ... Passed --   4.9  3  108   23381    3
Test (3B): test failure of leaders ...
  ... Passed --   5.4  3  180   38418    3
Test (3B): agreement after follower reconnects ...
  ... Passed --   5.8  3  116   30908    8
Test (3B): no agreement if too many followers disconnect ...
  ... Passed --   3.8  5  176   37926    3
Test (3B): concurrent Start()s ...
  ... Passed --   1.0  3   22    6398    6
Test (3B): rejoin of partitioned leader ...
  ... Passed --   6.5  3  182   44423    4
Test (3B): leader backs up quickly over incorrect follower logs ...
  ... Passed --  17.3  5 1964 1824654  102
Test (3B): RPC counts aren't too high ...
  ... Passed --   2.7  3   55   16915   12
Test (3C): basic persistence ...
  ... Passed --   4.7  3   80   20496    6
Test (3C): more persistence ...
  ... Passed --  16.6  5  836  190340   17
Test (3C): partitioned leader and one follower crash, leader restarts ...
  ... Passed --   2.3  3   36    9177    4
Test (3C): Figure 8 ...
  ... Passed --  29.2  5  644  254414   42
Test (3C): unreliable agreement ...
  ... Passed --   1.6  5 1028  346869  246
Test (3C): Figure 8 (unreliable) ...
  ... Passed --  30.9  5 9232 14653684  199
Test (3C): churn ...
  ... Passed --  16.1  5 8533 47113259 1987
Test (3C): unreliable churn ...
  ... Passed --  16.1  5 3048 3956152  489
Test (3D): snapshots basic ...
  ... Passed --   4.5  3  317  125375  212
Test (3D): install snapshots (disconnect) ...
  ... Passed --  44.0  3 1430  527399  313
Test (3D): install snapshots (disconnect+unreliable) ...
  ... Passed --  46.7  3 1671  619592  342
Test (3D): install snapshots (crash) ...
  ... Passed --  32.8  3 1054  403246  295
Test (3D): install snapshots (unreliable+crash) ...
  ... Passed --  42.2  3 1313  530435  326
Test (3D): crash and restart all servers ...
  ... Passed --   9.4  3  246   72218   56
Test (3D): snapshot initialization after crash ...
  ... Passed --   3.2  3   66   19012   14
PASS
ok  	github.com/paras-bhavnani/distributed-kv-store-raft/raft	365.650s
Test (3A): initial election ...
  ... Passed --   3.5  3   62   16874    0
Test (3A): election after network failure ...
  ... Passed --   5.1  3  112   22296    0
Test (3A): multiple elections ...
  ... Passed --   5.7  7  420   89736    0
Test (3B): basic agreement ...
  ... Passed --   0.9  3   16    4362    3
Test (3B): RPC byte count ...
  ... Passed --   1.7  3   48  113942   11
Test (3B): test progressive failure of followers ...
  ... Passed --   5.1  3  112   24355    3
Test (3B): test failure of leaders ...
  ... Passed --   5.4  3  186   39928    3
Test (3B): agreement after follower reconnects ...
  ... Passed --   5.9  3  116   31186    8
Test (3B): no agreement if too many followers disconnect ...
  ... Passed --   3.7  5  171   36654    3
Test (3B): concurrent Start()s ...
  ... Passed --   1.0  3   24    7048    6
Test (3B): rejoin of partitioned leader ...
  ... Passed --   6.4  3  178   43393    4
Test (3B): leader backs up quickly over incorrect follower logs ...
  ... Passed --  17.6  5 1978 1809376  102
Test (3B): RPC counts aren't too high ...
  ... Passed --   2.6  3   48   14852   12
Test (3C): basic persistence ...
  ... Passed --   4.2  3   76   19400    6
Test (3C): more persistence ...
  ... Passed --  17.0  5  868  194590   16
Test (3C): partitioned leader and one follower crash, leader restarts ...
  ... Passed --   2.1  3   34    8627    4
Test (3C): Figure 8 ...
  ... Passed --  29.6  5  688  287038   42
Test (3C): unreliable agreement ...
  ... Passed --   1.7  5 1041  348465  246
Test (3C): Figure 8 (unreliable) ...
  ... Passed --  35.5  5 9226 14744088  161
Test (3C): churn ...
  ... Passed --  16.1  5 9270 41082288 2168
Test (3C): unreliable churn ...
  ... Passed --  16.2  5 2284 4206631  419
Test (3D): snapshots basic ...
  ... Passed --   4.4  3  299  115310  214
Test (3D): install snapshots (disconnect) ...
  ... Passed --  45.6  3 1515  548455  330
Test (3D): install snapshots (disconnect+unreliable) ...
  ... Passed --  48.6  3 1646  597254  308
Test (3D): install snapshots (crash) ...
  ... Passed --  33.7  3 1145  480260  352
Test (3D): install snapshots (unreliable+crash) ...
  ... Passed --  40.2  3 1316  547284  345
Test (3D): crash and restart all servers ...
  ... Passed --   9.3  3  244   71488   56
Test (3D): snapshot initialization after crash ...
  ... Passed --   3.0  3   64   18424   14
PASS
ok  	github.com/paras-bhavnani/distributed-kv-store-raft/raft	372.048s
Test (3A): initial election ...
  ... Passed --   3.6  3   60   16560    0
Test (3A): election after network failure ...
  ... Passed --   5.1  3  112   22326    0
Test (3A): multiple elections ...
  ... Passed --   6.3  7  497  101444    0
Test (3B): basic agreement ...
  ... Passed --   0.9  3   16    4362    3
Test (3B): RPC byte count ...
  ... Passed --   1.7  3   48  113942   11
Test (3B): test progressive failure of followers ...
  ... Passed --   4.8  3  106   22811    3
Test (3B): test failure of leaders ...
  ... Passed --   5.5  3  182   38914    3
Test (3B): agreement after follower reconnects ...
  ... Passed --   4.1  3   84   21570    7
Test (3B): no agreement if too many followers disconnect ...
  ... Passed --   3.7  5  176   37694    3
Test (3B): concurrent Start()s ...
  ... Passed --   1.0  3   22    6498    6
Test (3B): rejoin of partitioned leader ...
  ... Passed --   4.4  3  138   31821    4
Test (3B): leader backs up quickly over incorrect follower logs ...
  ... Passed --  15.2  5 1872 1767922  102
Test (3B): RPC counts aren't too high ...
  ... Passed --   2.7  3   55   16456   12
Test (3C): basic persistence ...
  ... Passed --   4.5  3   78   20270    6
Test (3C): more persistence ...
  ... Passed --  16.5  5  836  188150   16
Test (3C): partitioned leader and one follower crash, leader restarts ...
  ... Passed --   2.1  3   34    8609    4
Test (3C): Figure 8 ...
  ... Passed --  33.5  5  756  311068   40
Test (3C): unreliable agreement ...
  ... Passed --   2.3  5 1041  349640  246
Test (3C): Figure 8 (unreliable) ...
  ... Passed --  27.6  5 9002 13928384  245
Test (3C): churn ...
  ... Passed --  16.1  5 15059 139406998 3620
Test (3C): unreliable churn ...
  ... Passed --  16.1  5 2452 4246379  485
Test (3D): snapshots basic ...
  ... Passed --   4.3  3  299  113675  205
Test (3D): install snapshots (disconnect) ...
  ... Passed --  44.2  3 1453  520573  321
Test (3D): install snapshots (disconnect+unreliable) ...
  ... Passed --  49.6  3 1760  649387  358
Test (3D): install snapshots (crash) ...
  ... Passed --  33.1  3 1136  467405  333
Test (3D): install snapshots (unreliable+crash) ...
  ... Passed --  39.9  3 1299  529691  337
Test (3D): crash and restart all servers ...
  ... Passed --  11.1  3  300   88046   69
Test (3D): snapshot initialization after crash ...
  ... Passed --   5.1  3  106   30262   15
PASS
ok  	github.com/paras-bhavnani/distributed-kv-store-raft/raft	365.362s
Test (3A): initial election ...
  ... Passed --   3.0  3   50   13760    0
Test (3A): election after network failure ...
  ... Passed --   5.4  3  126   25064    0
Test (3A): multiple elections ...
  ... Passed --   6.6  7  504  102354    0
Test (3B): basic agreement ...
  ... Passed --   0.9  3   16    4394    3
Test (3B): RPC byte count ...
  ... Passed --   1.8  3   48  113846   11
Test (3B): test progressive failure of followers ...
  ... Passed --   4.8  3  110   23983    3
Test (3B): test failure of leaders ...
  ... Passed --   5.3  3  180   38694    3
Test (3B): agreement after follower reconnects ...
  ... Passed --   3.6  3   82   21246    7
Test (3B): no agreement if too many followers disconnect ...
  ... Passed --   3.8  5  175   37542    3
Test (3B): concurrent Start()s ...
  ... Passed --   1.1  3   24    6992    6
Test (3B): rejoin of partitioned leader ...
  ... Passed --   6.5  3  176   42248    4
Test (3B): leader backs up quickly over incorrect follower logs ...
  ... Passed --  17.5  5 1976 1824759  102
Test (3B): RPC counts aren't too high ...
  ... Passed --   2.1  3   45   13817   12
Test (3C): basic persistence ...
  ... Passed --   4.5  3   82   21092    6
Test (3C): more persistence ...
  ... Passed --  16.5  5  848  189570   16
Test (3C): partitioned leader and one follower crash, leader restarts ...
  ... Passed --   1.9  3   32    8045    4
Test (3C): Figure 8 ...
  ... Passed --  28.0  5  628  243278   37
Test (3C): unreliable agreement ...
  ... Passed --   1.6  5 1038  344889  246
Test (3C): Figure 8 (unreliable) ...
  ... Passed --  30.7  5 10356 25143956  125
Test (3C): churn ...
  ... Passed --  16.3  5 8705 57626937 2031
Test (3C): unreliable churn ...
  ... Passed --  16.1  5 3687 2164060  781
Test (3D): snapshots basic ...
  ... Passed --   4.4  3  328  128101  219
Test (3D): install snapshots (disconnect) ...
  ... Passed --  39.6  3 1343  479942  311
Test (3D): install snapshots (disconnect+unreliable) ...
  ... Passed --  48.3  3 1685  610044  338
Test (3D): install snapshots (crash) ...
  ... Passed --  33.4  3 1105  441662  316
Test (3D): install snapshots (unreliable+crash) ...
  ... Passed --  39.7  3 1235  484738  302
Test (3D): crash and restart all servers ...
  ... Passed --   9.6  3  250   73296   57
Test (3D): snapshot initialization after crash ...
  ... Passed --   3.3  3   66   19028   14
PASS
ok  	github.com/paras-bhavnani/distributed-kv-store-raft/raft	356.701s
